01000000000001101110101000000000000000000000000000000000000000000000000000000000
