01000000000000111010100000000000000000000000000000000000000000000000000000000000
