0011111111110000011110101110000101000111101011100001010001111011
