00111111111111111000000101000111101011100001010001111010111000010100011110101110
