01000000000010101101011111110101011100001010001111010111000010100011110101110001
